../../Middlewares/ST/touchgfx/framework/include/mvp/Presenter.hpp:37:18:virtual void touchgfx::Presenter::activate()	16	static
../../Middlewares/ST/touchgfx/framework/include/mvp/Presenter.hpp:47:18:virtual void touchgfx::Presenter::deactivate()	16	static
../../Middlewares/ST/touchgfx/framework/include/mvp/Presenter.hpp:52:13:touchgfx::Presenter::~Presenter()	16	static
../../Middlewares/ST/touchgfx/framework/include/mvp/Presenter.hpp:52:13:virtual touchgfx::Presenter::~Presenter()	16	static
../../Middlewares/ST/touchgfx/framework/include/mvp/Presenter.hpp:58:5:touchgfx::Presenter::Presenter()	16	static
../../TouchGFX/gui/include/gui/model/ModelListener.hpp:9:5:ModelListener::ModelListener()	16	static
../../TouchGFX/gui/include/gui/model/ModelListener.hpp:11:13:ModelListener::~ModelListener()	16	static
../../TouchGFX/gui/include/gui/model/ModelListener.hpp:11:13:virtual ModelListener::~ModelListener()	16	static
../../TouchGFX/gui/include/gui/chessgame_screen/ChessGamePresenter.hpp:28:13:ChessGamePresenter::~ChessGamePresenter()	16	static
../../TouchGFX/gui/include/gui/chessgame_screen/ChessGamePresenter.hpp:28:13:virtual ChessGamePresenter::~ChessGamePresenter()	16	static
C:\ST\STM32CubeIDE_1.14.1\STM32CubeIDE\plugins\com.st.stm32cube.ide.mcu.externaltools.gnu-tools-for-stm32.11.3.rel1.win32_1.1.100.202309141235\tools\arm-none-eabi\include\c++\11.3.1\arm-none-eabi\thumb\v7e-m+dp\hard\bits\gthr-default.h:229:1:int __gthread_key_delete(__gthread_key_t)	16	static
C:/Repos/ams-project-2/chess/TouchGFX/gui/src/chessgame_screen/ChessGamePresenter.cpp:4:1:ChessGamePresenter::ChessGamePresenter(ChessGameView&)	16	static
C:/Repos/ams-project-2/chess/TouchGFX/gui/src/chessgame_screen/ChessGamePresenter.cpp:10:6:virtual void ChessGamePresenter::activate()	16	static
C:/Repos/ams-project-2/chess/TouchGFX/gui/src/chessgame_screen/ChessGamePresenter.cpp:15:6:virtual void ChessGamePresenter::deactivate()	16	static
