C:/Repos/ams-project-2/chess/Core/Src/main.c:126:5:main	5
C:/Repos/ams-project-2/chess/Core/Src/main.c:238:6:SystemClock_Config	4
C:/Repos/ams-project-2/chess/Core/Src/main.c:300:13:MX_CRC_Init	2
C:/Repos/ams-project-2/chess/Core/Src/main.c:331:13:MX_DMA2D_Init	3
C:/Repos/ams-project-2/chess/Core/Src/main.c:371:13:MX_I2C4_Init	4
C:/Repos/ams-project-2/chess/Core/Src/main.c:419:13:MX_JPEG_Init	2
C:/Repos/ams-project-2/chess/Core/Src/main.c:445:13:MX_LTDC_Init	3
C:/Repos/ams-project-2/chess/Core/Src/main.c:507:13:MX_OCTOSPI1_Init	4
C:/Repos/ams-project-2/chess/Core/Src/main.c:562:13:MX_SDMMC1_SD_Init	1
C:/Repos/ams-project-2/chess/Core/Src/main.c:587:13:MX_MDMA_Init	1
C:/Repos/ams-project-2/chess/Core/Src/main.c:602:13:MX_FMC_Init	2
C:/Repos/ams-project-2/chess/Core/Src/main.c:653:13:MX_GPIO_Init	1
C:/Repos/ams-project-2/chess/Core/Src/main.c:739:13:SDRAM_Initialization_Sequence	1
C:/Repos/ams-project-2/chess/Core/Src/main.c:803:6:StartDefaultTask	1
C:/Repos/ams-project-2/chess/Core/Src/main.c:817:6:MPU_Config	1
C:/Repos/ams-project-2/chess/Core/Src/main.c:877:6:HAL_TIM_PeriodElapsedCallback	2
C:/Repos/ams-project-2/chess/Core/Src/main.c:894:6:Error_Handler	1
