C:/Repos/ams-project-2/chess/Core/Src/main.c:126:5:main	24	static,ignoring_inline_asm
C:/Repos/ams-project-2/chess/Core/Src/main.c:238:6:SystemClock_Config	120	static
C:/Repos/ams-project-2/chess/Core/Src/main.c:300:13:MX_CRC_Init	8	static
C:/Repos/ams-project-2/chess/Core/Src/main.c:331:13:MX_DMA2D_Init	8	static
C:/Repos/ams-project-2/chess/Core/Src/main.c:371:13:MX_I2C4_Init	8	static
C:/Repos/ams-project-2/chess/Core/Src/main.c:419:13:MX_JPEG_Init	8	static
C:/Repos/ams-project-2/chess/Core/Src/main.c:445:13:MX_LTDC_Init	64	static
C:/Repos/ams-project-2/chess/Core/Src/main.c:507:13:MX_OCTOSPI1_Init	16	static
C:/Repos/ams-project-2/chess/Core/Src/main.c:562:13:MX_SDMMC1_SD_Init	4	static
C:/Repos/ams-project-2/chess/Core/Src/main.c:587:13:MX_MDMA_Init	16	static
C:/Repos/ams-project-2/chess/Core/Src/main.c:602:13:MX_FMC_Init	40	static
C:/Repos/ams-project-2/chess/Core/Src/main.c:653:13:MX_GPIO_Init	72	static
C:/Repos/ams-project-2/chess/Core/Src/main.c:739:13:SDRAM_Initialization_Sequence	24	static
C:/Repos/ams-project-2/chess/Core/Src/main.c:803:6:StartDefaultTask	16	static
C:/Repos/ams-project-2/chess/Core/Src/main.c:817:6:MPU_Config	24	static
C:/Repos/ams-project-2/chess/Core/Src/main.c:877:6:HAL_TIM_PeriodElapsedCallback	16	static
C:/Repos/ams-project-2/chess/Core/Src/main.c:894:6:Error_Handler	4	static
