C:/Repos/ams-project-2/chess/Core/Src/stm32h7xx_hal_msp.c:67:6:HAL_MspInit	16	static
C:/Repos/ams-project-2/chess/Core/Src/stm32h7xx_hal_msp.c:91:6:HAL_CRC_MspInit	24	static
C:/Repos/ams-project-2/chess/Core/Src/stm32h7xx_hal_msp.c:113:6:HAL_CRC_MspDeInit	16	static
C:/Repos/ams-project-2/chess/Core/Src/stm32h7xx_hal_msp.c:135:6:HAL_DMA2D_MspInit	24	static
C:/Repos/ams-project-2/chess/Core/Src/stm32h7xx_hal_msp.c:160:6:HAL_DMA2D_MspDeInit	16	static
C:/Repos/ams-project-2/chess/Core/Src/stm32h7xx_hal_msp.c:185:6:HAL_I2C_MspInit	240	static
C:/Repos/ams-project-2/chess/Core/Src/stm32h7xx_hal_msp.c:231:6:HAL_I2C_MspDeInit	16	static
C:/Repos/ams-project-2/chess/Core/Src/stm32h7xx_hal_msp.c:262:6:HAL_JPEG_MspInit	24	static
C:/Repos/ams-project-2/chess/Core/Src/stm32h7xx_hal_msp.c:345:6:HAL_JPEG_MspDeInit	16	static
C:/Repos/ams-project-2/chess/Core/Src/stm32h7xx_hal_msp.c:374:6:HAL_LTDC_MspInit	248	static
C:/Repos/ams-project-2/chess/Core/Src/stm32h7xx_hal_msp.c:477:6:HAL_LTDC_MspDeInit	16	static
C:/Repos/ams-project-2/chess/Core/Src/stm32h7xx_hal_msp.c:542:6:HAL_OSPI_MspInit	216	static
C:/Repos/ams-project-2/chess/Core/Src/stm32h7xx_hal_msp.c:587:6:HAL_OSPI_MspDeInit	16	static
C:/Repos/ams-project-2/chess/Core/Src/stm32h7xx_hal_msp.c:613:6:HAL_SD_MspInit	248	static
C:/Repos/ams-project-2/chess/Core/Src/stm32h7xx_hal_msp.c:673:6:HAL_SD_MspDeInit	16	static
C:/Repos/ams-project-2/chess/Core/Src/stm32h7xx_hal_msp.c:705:13:HAL_FMC_MspInit	232	static
C:/Repos/ams-project-2/chess/Core/Src/stm32h7xx_hal_msp.c:814:6:HAL_SDRAM_MspInit	16	static
C:/Repos/ams-project-2/chess/Core/Src/stm32h7xx_hal_msp.c:826:13:HAL_FMC_MspDeInit	8	static
C:/Repos/ams-project-2/chess/Core/Src/stm32h7xx_hal_msp.c:898:6:HAL_SDRAM_MspDeInit	16	static
