C:/Repos/ams-project-2/chess/Core/Src/stm32h7xx_it.c:77:6:NMI_Handler	4	static
C:/Repos/ams-project-2/chess/Core/Src/stm32h7xx_it.c:90:6:HardFault_Handler	4	static
C:/Repos/ams-project-2/chess/Core/Src/stm32h7xx_it.c:105:6:MemManage_Handler	4	static
C:/Repos/ams-project-2/chess/Core/Src/stm32h7xx_it.c:120:6:BusFault_Handler	4	static
C:/Repos/ams-project-2/chess/Core/Src/stm32h7xx_it.c:135:6:UsageFault_Handler	4	static
C:/Repos/ams-project-2/chess/Core/Src/stm32h7xx_it.c:150:6:DebugMon_Handler	4	static
C:/Repos/ams-project-2/chess/Core/Src/stm32h7xx_it.c:170:6:EXTI2_IRQHandler	8	static
C:/Repos/ams-project-2/chess/Core/Src/stm32h7xx_it.c:184:6:TIM6_DAC_IRQHandler	8	static
C:/Repos/ams-project-2/chess/Core/Src/stm32h7xx_it.c:198:6:LTDC_IRQHandler	8	static
C:/Repos/ams-project-2/chess/Core/Src/stm32h7xx_it.c:212:6:DMA2D_IRQHandler	8	static
C:/Repos/ams-project-2/chess/Core/Src/stm32h7xx_it.c:226:6:OCTOSPI1_IRQHandler	8	static
C:/Repos/ams-project-2/chess/Core/Src/stm32h7xx_it.c:240:6:JPEG_IRQHandler	8	static
C:/Repos/ams-project-2/chess/Core/Src/stm32h7xx_it.c:254:6:MDMA_IRQHandler	8	static
